2026-08-02 10:40:02,580 | INFO | Generando figura 01: graph_source_coverage
2026-08-02 10:40:04,491 | INFO | Generando figura 02: graph_inpc_series
2026-08-02 10:40:04,900 | INFO | Generando figura 03: graph_inflation_factor
2026-08-02 10:40:05,304 | INFO | Generando figura 04: graph_temperature
2026-08-02 10:40:05,686 | INFO | Generando figura 05: graph_climate_distribution
2026-08-02 10:40:06,034 | INFO | Generando figura 06: graph_events_month
2026-08-02 10:40:06,508 | INFO | Generando figura 07: graph_daily_sales
2026-08-02 10:40:07,175 | INFO | Generando figura 08: graph_monthly_nominal_real_sales
2026-08-02 10:40:07,753 | INFO | Generando figura 09: graph_sales_distribution
2026-08-02 10:40:08,295 | INFO | Generando figura 10: graph_sales_weekday_boxplot
2026-08-02 10:40:08,854 | INFO | Generando figura 11: graph_sales_month_heatmap
2026-08-02 10:40:09,586 | INFO | Generando figura 12: graph_product_mix
2026-08-02 10:40:09,985 | INFO | Generando figura 13: graph_sales_profit
2026-08-02 10:40:10,585 | INFO | Generando figura 14: graph_daily_purchases
2026-08-02 10:40:11,559 | INFO | Generando figura 15: graph_purchase_classification
2026-08-02 10:40:12,151 | INFO | Generando figura 16: graph_supplier_pareto
2026-08-02 10:40:12,781 | INFO | Generando figura 17: graph_purchase_units
2026-08-02 10:40:13,332 | INFO | Generando figura 18: graph_sales_purchases_monthly
2026-08-02 10:40:14,524 | INFO | Generando figura 19: graph_operating_balance
2026-08-02 10:40:15,692 | INFO | Generando figura 20: graph_zero_activity
2026-08-02 10:40:16,694 | INFO | Generando figura 21: graph_missingness
2026-08-02 10:40:17,768 | INFO | Generando figura 22: graph_key_correlation
2026-08-02 10:40:19,383 | INFO | Generando figura 23: graph_feature_family_counts
2026-08-02 10:40:19,719 | INFO | Generando figura 24: graph_dataset_expansion
2026-08-02 10:40:23,924 | INFO | Generando figura 25: graph_history_trimming
2026-08-02 10:40:28,015 | INFO | Generando figura 26: graph_cyclical_month_encoding
2026-08-02 10:40:31,325 | INFO | Generando figura 27: graph_cyclical_week_encoding
2026-08-02 10:40:34,675 | INFO | Generando figura 28: graph_lag_alignment
2026-08-02 10:40:38,083 | INFO | Generando figura 29: graph_lag_target_correlations
2026-08-02 10:40:41,211 | INFO | Using categorical units to plot a list of strings that are all parsable as floats or dates. If these strings should be plotted as numbers, cast to the appropriate data type before plotting.
2026-08-02 10:40:41,211 | INFO | Using categorical units to plot a list of strings that are all parsable as floats or dates. If these strings should be plotted as numbers, cast to the appropriate data type before plotting.
2026-08-02 10:40:41,398 | INFO | Generando figura 30: graph_rolling_windows
2026-08-02 10:40:45,561 | INFO | Generando figura 31: graph_rolling_statistics
2026-08-02 10:40:49,367 | INFO | Generando figura 32: graph_event_proximity
2026-08-02 10:40:52,864 | INFO | Generando figura 33: graph_event_windows
2026-08-02 10:40:56,690 | INFO | Generando figura 34: graph_recency_activity
2026-08-02 10:41:00,513 | INFO | Generando figura 35: graph_financial_derived_indicators
2026-08-02 10:41:04,096 | INFO | Generando figura 36: graph_target_predictor_scatter
2026-08-02 10:41:07,564 | INFO | Generando figura 37: graph_feature_target_heatmap
2026-08-02 10:41:11,511 | INFO | Generando figura 38: graph_feature_completeness
2026-08-02 10:41:14,966 | INFO | Generando figura 39: graph_profile_general_structure
2026-08-02 10:41:15,323 | INFO | Generando figura 40: graph_profile_dimension_counts
2026-08-02 10:41:15,651 | INFO | Generando figura 41: graph_profile_zero_by_dimension
2026-08-02 10:41:15,956 | INFO | Generando figura 42: graph_profile_missing_by_dimension
2026-08-02 10:41:16,257 | INFO | Generando figura 43: graph_profile_constants
2026-08-02 10:41:16,568 | INFO | Generando figura 44: graph_profile_cardinality_zero_scatter
2026-08-02 10:41:17,298 | INFO | Generando figura 45: graph_profile_top_zero_variables
2026-08-02 10:41:17,707 | INFO | Generando figura 46: graph_profile_variability
2026-08-02 10:41:18,130 | INFO | Generando figura 47: graph_profile_iqr
2026-08-02 10:41:18,522 | INFO | Generando figura 48: graph_profile_target_boxplots
2026-08-02 10:41:18,832 | INFO | Generando figura 49: graph_profile_target_sparsity
2026-08-02 10:41:19,114 | INFO | Generando figura 50: graph_profile_dimension_quality_matrix
2026-08-02 10:41:19,736 | INFO | Generando figura 51: graph_multicol_correlation_distribution
2026-08-02 10:41:20,064 | INFO | Generando figura 52: graph_multicol_top_pairs
2026-08-02 10:41:20,596 | INFO | Generando figura 53: graph_multicol_redundancy_network
2026-08-02 10:41:20,960 | INFO | Generando figura 54: graph_multicol_variable_frequency
2026-08-02 10:41:21,306 | INFO | Generando figura 55: graph_multicol_decisions_by_target
2026-08-02 10:41:21,875 | INFO | Generando figura 56: graph_multicol_kept_dimensions
2026-08-02 10:41:22,672 | INFO | Generando figura 57: graph_multicol_keep_drop_scatter
2026-08-02 10:41:23,243 | INFO | Generando figura 58: graph_multicol_relevance_gain
2026-08-02 10:41:23,704 | INFO | Generando figura 59: graph_multicol_vif_ranking
2026-08-02 10:41:24,123 | INFO | Generando figura 60: graph_multicol_vif_categories
2026-08-02 10:41:24,387 | INFO | Generando figura 61: graph_multicol_elimination_overlap
2026-08-02 10:41:24,636 | INFO | Using categorical units to plot a list of strings that are all parsable as floats or dates. If these strings should be plotted as numbers, cast to the appropriate data type before plotting.
2026-08-02 10:41:24,637 | INFO | Using categorical units to plot a list of strings that are all parsable as floats or dates. If these strings should be plotted as numbers, cast to the appropriate data type before plotting.
2026-08-02 10:41:24,787 | INFO | Generando figura 62: graph_multicol_summary
2026-08-02 10:41:32,254 | INFO | Finalizado. Resultados en C:\Python\tesis\input\graficas_metodologia_multicolinealidad
