2026-08-02 10:25:36,799 | INFO | Generando figura 01: graph_source_coverage
2026-08-02 10:25:38,822 | INFO | Generando figura 02: graph_inpc_series
2026-08-02 10:25:39,213 | INFO | Generando figura 03: graph_inflation_factor
2026-08-02 10:25:39,633 | INFO | Generando figura 04: graph_temperature
2026-08-02 10:25:40,035 | INFO | Generando figura 05: graph_climate_distribution
2026-08-02 10:25:40,405 | INFO | Generando figura 06: graph_events_month
2026-08-02 10:25:40,891 | INFO | Generando figura 07: graph_daily_sales
2026-08-02 10:25:41,593 | INFO | Generando figura 08: graph_monthly_nominal_real_sales
2026-08-02 10:25:42,182 | INFO | Generando figura 09: graph_sales_distribution
2026-08-02 10:25:42,744 | INFO | Generando figura 10: graph_sales_weekday_boxplot
2026-08-02 10:25:43,278 | INFO | Generando figura 11: graph_sales_month_heatmap
2026-08-02 10:25:44,010 | INFO | Generando figura 12: graph_product_mix
2026-08-02 10:25:44,402 | INFO | Generando figura 13: graph_sales_profit
2026-08-02 10:25:44,976 | INFO | Generando figura 14: graph_daily_purchases
2026-08-02 10:25:45,894 | INFO | Generando figura 15: graph_purchase_classification
2026-08-02 10:25:46,478 | INFO | Generando figura 16: graph_supplier_pareto
2026-08-02 10:25:47,109 | INFO | Generando figura 17: graph_purchase_units
2026-08-02 10:25:47,630 | INFO | Generando figura 18: graph_sales_purchases_monthly
2026-08-02 10:25:48,740 | INFO | Generando figura 19: graph_operating_balance
2026-08-02 10:25:49,917 | INFO | Generando figura 20: graph_zero_activity
2026-08-02 10:25:50,971 | INFO | Generando figura 21: graph_missingness
2026-08-02 10:25:52,031 | INFO | Generando figura 22: graph_key_correlation
2026-08-02 10:25:53,549 | INFO | Generando figura 23: graph_feature_family_counts
2026-08-02 10:25:53,894 | INFO | Generando figura 24: graph_dataset_expansion
2026-08-02 10:25:58,009 | INFO | Generando figura 25: graph_history_trimming
2026-08-02 10:26:02,000 | INFO | Generando figura 26: graph_cyclical_month_encoding
2026-08-02 10:26:05,230 | INFO | Generando figura 27: graph_cyclical_week_encoding
2026-08-02 10:26:08,452 | INFO | Generando figura 28: graph_lag_alignment
2026-08-02 10:26:11,827 | INFO | Generando figura 29: graph_lag_target_correlations
2026-08-02 10:26:14,996 | INFO | Using categorical units to plot a list of strings that are all parsable as floats or dates. If these strings should be plotted as numbers, cast to the appropriate data type before plotting.
2026-08-02 10:26:14,997 | INFO | Using categorical units to plot a list of strings that are all parsable as floats or dates. If these strings should be plotted as numbers, cast to the appropriate data type before plotting.
2026-08-02 10:26:15,173 | INFO | Generando figura 30: graph_rolling_windows
2026-08-02 10:26:18,532 | INFO | Generando figura 31: graph_rolling_statistics
2026-08-02 10:26:22,016 | INFO | Generando figura 32: graph_event_proximity
2026-08-02 10:26:25,287 | INFO | Generando figura 33: graph_event_windows
2026-08-02 10:26:28,668 | INFO | Generando figura 34: graph_recency_activity
2026-08-02 10:26:31,934 | INFO | Generando figura 35: graph_financial_derived_indicators
2026-08-02 10:26:35,300 | INFO | Generando figura 36: graph_target_predictor_scatter
2026-08-02 10:26:38,586 | INFO | Generando figura 37: graph_feature_target_heatmap
2026-08-02 10:26:42,313 | INFO | Generando figura 38: graph_feature_completeness
2026-08-02 10:26:45,621 | INFO | Generando figura 39: graph_profile_general_structure
2026-08-02 10:26:45,974 | INFO | Generando figura 40: graph_profile_dimension_counts
2026-08-02 10:26:46,280 | INFO | Generando figura 41: graph_profile_zero_by_dimension
2026-08-02 10:26:46,571 | INFO | Generando figura 42: graph_profile_missing_by_dimension
2026-08-02 10:26:46,861 | INFO | Generando figura 43: graph_profile_constants
2026-08-02 10:26:47,182 | INFO | Generando figura 44: graph_profile_cardinality_zero_scatter
2026-08-02 10:26:47,913 | INFO | Generando figura 45: graph_profile_top_zero_variables
2026-08-02 10:26:48,289 | INFO | Generando figura 46: graph_profile_variability
2026-08-02 10:26:48,652 | INFO | Generando figura 47: graph_profile_iqr
2026-08-02 10:26:49,017 | INFO | Generando figura 48: graph_profile_target_boxplots
2026-08-02 10:26:49,298 | INFO | Generando figura 49: graph_profile_target_sparsity
2026-08-02 10:26:49,575 | INFO | Generando figura 50: graph_profile_dimension_quality_matrix
2026-08-02 10:26:56,012 | INFO | Finalizado. Resultados en C:\Python\tesis\input\graficas_clean_eda_feature_engineering_perfil
