2026-08-02 11:00:32,859 | INFO | Generando figura 01: graph_source_coverage
2026-08-02 11:00:34,813 | INFO | Generando figura 02: graph_inpc_series
2026-08-02 11:00:35,225 | INFO | Generando figura 03: graph_inflation_factor
2026-08-02 11:00:35,651 | INFO | Generando figura 04: graph_temperature
2026-08-02 11:00:36,052 | INFO | Generando figura 05: graph_climate_distribution
2026-08-02 11:00:36,442 | INFO | Generando figura 06: graph_events_month
2026-08-02 11:00:36,942 | INFO | Generando figura 07: graph_daily_sales
2026-08-02 11:00:37,726 | INFO | Generando figura 08: graph_monthly_nominal_real_sales
2026-08-02 11:00:38,501 | INFO | Generando figura 09: graph_sales_distribution
2026-08-02 11:00:39,223 | INFO | Generando figura 10: graph_sales_weekday_boxplot
2026-08-02 11:00:39,864 | INFO | Generando figura 11: graph_sales_month_heatmap
2026-08-02 11:00:40,642 | INFO | Generando figura 12: graph_product_mix
2026-08-02 11:00:41,156 | INFO | Generando figura 13: graph_sales_profit
2026-08-02 11:00:41,746 | INFO | Generando figura 14: graph_daily_purchases
2026-08-02 11:00:42,760 | INFO | Generando figura 15: graph_purchase_classification
2026-08-02 11:00:43,304 | INFO | Generando figura 16: graph_supplier_pareto
2026-08-02 11:00:43,969 | INFO | Generando figura 17: graph_purchase_units
2026-08-02 11:00:44,445 | INFO | Generando figura 18: graph_sales_purchases_monthly
2026-08-02 11:00:45,648 | INFO | Generando figura 19: graph_operating_balance
2026-08-02 11:00:46,800 | INFO | Generando figura 20: graph_zero_activity
2026-08-02 11:00:47,742 | INFO | Generando figura 21: graph_missingness
2026-08-02 11:00:48,832 | INFO | Generando figura 22: graph_key_correlation
2026-08-02 11:00:50,366 | INFO | Generando figura 23: graph_feature_family_counts
2026-08-02 11:00:50,755 | INFO | Generando figura 24: graph_dataset_expansion
2026-08-02 11:00:55,144 | INFO | Generando figura 25: graph_history_trimming
2026-08-02 11:00:59,599 | INFO | Generando figura 26: graph_cyclical_month_encoding
2026-08-02 11:01:03,274 | INFO | Generando figura 27: graph_cyclical_week_encoding
2026-08-02 11:01:06,944 | INFO | Generando figura 28: graph_lag_alignment
2026-08-02 11:01:10,640 | INFO | Generando figura 29: graph_lag_target_correlations
2026-08-02 11:01:14,125 | INFO | Using categorical units to plot a list of strings that are all parsable as floats or dates. If these strings should be plotted as numbers, cast to the appropriate data type before plotting.
2026-08-02 11:01:14,125 | INFO | Using categorical units to plot a list of strings that are all parsable as floats or dates. If these strings should be plotted as numbers, cast to the appropriate data type before plotting.
2026-08-02 11:01:14,318 | INFO | Generando figura 30: graph_rolling_windows
2026-08-02 11:01:18,043 | INFO | Generando figura 31: graph_rolling_statistics
2026-08-02 11:01:21,912 | INFO | Generando figura 32: graph_event_proximity
2026-08-02 11:01:26,092 | INFO | Generando figura 33: graph_event_windows
2026-08-02 11:01:29,987 | INFO | Generando figura 34: graph_recency_activity
2026-08-02 11:01:33,811 | INFO | Generando figura 35: graph_financial_derived_indicators
2026-08-02 11:01:37,561 | INFO | Generando figura 36: graph_target_predictor_scatter
2026-08-02 11:01:41,191 | INFO | Generando figura 37: graph_feature_target_heatmap
2026-08-02 11:01:45,382 | INFO | Generando figura 38: graph_feature_completeness
2026-08-02 11:01:49,034 | INFO | Generando figura 39: graph_profile_general_structure
2026-08-02 11:01:49,434 | INFO | Generando figura 40: graph_profile_dimension_counts
2026-08-02 11:01:49,783 | INFO | Generando figura 41: graph_profile_zero_by_dimension
2026-08-02 11:01:50,117 | INFO | Generando figura 42: graph_profile_missing_by_dimension
2026-08-02 11:01:50,416 | INFO | Generando figura 43: graph_profile_constants
2026-08-02 11:01:50,724 | INFO | Generando figura 44: graph_profile_cardinality_zero_scatter
2026-08-02 11:01:51,394 | INFO | Generando figura 45: graph_profile_top_zero_variables
2026-08-02 11:01:51,841 | INFO | Generando figura 46: graph_profile_variability
2026-08-02 11:01:52,229 | INFO | Generando figura 47: graph_profile_iqr
2026-08-02 11:01:52,633 | INFO | Generando figura 48: graph_profile_target_boxplots
2026-08-02 11:01:52,949 | INFO | Generando figura 49: graph_profile_target_sparsity
2026-08-02 11:01:53,229 | INFO | Generando figura 50: graph_profile_dimension_quality_matrix
2026-08-02 11:01:53,831 | INFO | Generando figura 51: graph_multicol_correlation_distribution
2026-08-02 11:01:54,140 | INFO | Generando figura 52: graph_multicol_top_pairs
2026-08-02 11:01:54,584 | INFO | Generando figura 53: graph_multicol_redundancy_network
2026-08-02 11:01:54,924 | INFO | Generando figura 54: graph_multicol_variable_frequency
2026-08-02 11:01:55,263 | INFO | Generando figura 55: graph_multicol_decisions_by_target
2026-08-02 11:01:55,804 | INFO | Generando figura 56: graph_multicol_kept_dimensions
2026-08-02 11:01:56,542 | INFO | Generando figura 57: graph_multicol_keep_drop_scatter
2026-08-02 11:01:57,074 | INFO | Generando figura 58: graph_multicol_relevance_gain
2026-08-02 11:01:57,483 | INFO | Generando figura 59: graph_multicol_vif_ranking
2026-08-02 11:01:57,894 | INFO | Generando figura 60: graph_multicol_vif_categories
2026-08-02 11:01:58,155 | INFO | Generando figura 61: graph_multicol_elimination_overlap
2026-08-02 11:01:58,391 | INFO | Using categorical units to plot a list of strings that are all parsable as floats or dates. If these strings should be plotted as numbers, cast to the appropriate data type before plotting.
2026-08-02 11:01:58,391 | INFO | Using categorical units to plot a list of strings that are all parsable as floats or dates. If these strings should be plotted as numbers, cast to the appropriate data type before plotting.
2026-08-02 11:01:58,554 | INFO | Generando figura 62: graph_multicol_summary
2026-08-02 11:01:59,192 | INFO | Generando figura 63: graph_selection_reduction_summary
2026-08-02 11:01:59,541 | INFO | Generando figura 64: graph_selection_counts_by_target
2026-08-02 11:01:59,958 | INFO | Generando figura 65: graph_selection_score_distribution
2026-08-02 11:02:00,356 | INFO | Generando figura 66: graph_selection_top_features_per_target
2026-08-02 11:02:01,423 | INFO | Generando figura 67: graph_selection_method_heatmap
2026-08-02 11:02:02,344 | INFO | Generando figura 68: graph_selection_method_agreement
2026-08-02 11:02:03,168 | INFO | Generando figura 69: graph_selection_dimensions_by_target
2026-08-02 11:02:03,869 | INFO | Generando figura 70: graph_selection_overlap_targets
2026-08-02 11:02:04,066 | INFO | Using categorical units to plot a list of strings that are all parsable as floats or dates. If these strings should be plotted as numbers, cast to the appropriate data type before plotting.
2026-08-02 11:02:04,067 | INFO | Using categorical units to plot a list of strings that are all parsable as floats or dates. If these strings should be plotted as numbers, cast to the appropriate data type before plotting.
2026-08-02 11:02:04,237 | INFO | Generando figura 71: graph_selection_rank_curves
2026-08-02 11:02:04,755 | INFO | Generando figura 72: graph_selection_lasso_sparsity
2026-08-02 11:02:05,350 | INFO | Generando figura 73: graph_selection_method_winners
2026-08-02 11:02:05,946 | INFO | Generando figura 74: graph_selection_dataset_comparison
2026-08-02 11:02:25,065 | INFO | Finalizado. Resultados en C:\Python\tesis\input\graficas_metodologia_seleccion_caracteristicas
