2026-08-02 13:20:07,897 | INFO | Generando figura 01: graph_source_coverage
2026-08-02 13:20:09,846 | INFO | Generando figura 02: graph_inpc_series
2026-08-02 13:20:10,241 | INFO | Generando figura 03: graph_inflation_factor
2026-08-02 13:20:10,646 | INFO | Generando figura 04: graph_temperature
2026-08-02 13:20:11,031 | INFO | Generando figura 05: graph_climate_distribution
2026-08-02 13:20:11,379 | INFO | Generando figura 06: graph_events_month
2026-08-02 13:20:11,876 | INFO | Generando figura 07: graph_daily_sales
2026-08-02 13:20:12,649 | INFO | Generando figura 08: graph_monthly_nominal_real_sales
2026-08-02 13:20:13,539 | INFO | Generando figura 09: graph_sales_distribution
2026-08-02 13:20:14,294 | INFO | Generando figura 10: graph_sales_weekday_boxplot
2026-08-02 13:20:15,017 | INFO | Generando figura 11: graph_sales_month_heatmap
2026-08-02 13:20:15,859 | INFO | Generando figura 12: graph_product_mix
2026-08-02 13:20:16,301 | INFO | Generando figura 13: graph_sales_profit
2026-08-02 13:20:16,912 | INFO | Generando figura 14: graph_daily_purchases
2026-08-02 13:20:17,895 | INFO | Generando figura 15: graph_purchase_classification
2026-08-02 13:20:18,405 | INFO | Generando figura 16: graph_supplier_pareto
2026-08-02 13:20:19,073 | INFO | Generando figura 17: graph_purchase_units
2026-08-02 13:20:19,572 | INFO | Generando figura 18: graph_sales_purchases_monthly
2026-08-02 13:20:20,785 | INFO | Generando figura 19: graph_operating_balance
2026-08-02 13:20:21,944 | INFO | Generando figura 20: graph_zero_activity
2026-08-02 13:20:22,976 | INFO | Generando figura 21: graph_missingness
2026-08-02 13:20:24,369 | INFO | Generando figura 22: graph_key_correlation
2026-08-02 13:20:25,882 | INFO | Generando figura 23: graph_feature_family_counts
2026-08-02 13:20:26,248 | INFO | Generando figura 24: graph_dataset_expansion
2026-08-02 13:20:30,478 | INFO | Generando figura 25: graph_history_trimming
2026-08-02 13:20:34,648 | INFO | Generando figura 26: graph_cyclical_month_encoding
2026-08-02 13:20:38,299 | INFO | Generando figura 27: graph_cyclical_week_encoding
2026-08-02 13:20:41,666 | INFO | Generando figura 28: graph_lag_alignment
2026-08-02 13:20:45,081 | INFO | Generando figura 29: graph_lag_target_correlations
2026-08-02 13:20:48,240 | INFO | Using categorical units to plot a list of strings that are all parsable as floats or dates. If these strings should be plotted as numbers, cast to the appropriate data type before plotting.
2026-08-02 13:20:48,240 | INFO | Using categorical units to plot a list of strings that are all parsable as floats or dates. If these strings should be plotted as numbers, cast to the appropriate data type before plotting.
2026-08-02 13:20:48,427 | INFO | Generando figura 30: graph_rolling_windows
2026-08-02 13:20:51,828 | INFO | Generando figura 31: graph_rolling_statistics
2026-08-02 13:20:55,498 | INFO | Generando figura 32: graph_event_proximity
2026-08-02 13:20:59,019 | INFO | Generando figura 33: graph_event_windows
2026-08-02 13:21:02,536 | INFO | Generando figura 34: graph_recency_activity
2026-08-02 13:21:06,059 | INFO | Generando figura 35: graph_financial_derived_indicators
2026-08-02 13:21:09,560 | INFO | Generando figura 36: graph_target_predictor_scatter
2026-08-02 13:21:12,974 | INFO | Generando figura 37: graph_feature_target_heatmap
2026-08-02 13:21:17,036 | INFO | Generando figura 38: graph_feature_completeness
2026-08-02 13:21:20,606 | INFO | Generando figura 39: graph_profile_general_structure
2026-08-02 13:21:21,002 | INFO | Generando figura 40: graph_profile_dimension_counts
2026-08-02 13:21:21,328 | INFO | Generando figura 41: graph_profile_zero_by_dimension
2026-08-02 13:21:21,638 | INFO | Generando figura 42: graph_profile_missing_by_dimension
2026-08-02 13:21:21,936 | INFO | Generando figura 43: graph_profile_constants
2026-08-02 13:21:22,248 | INFO | Generando figura 44: graph_profile_cardinality_zero_scatter
2026-08-02 13:21:22,949 | INFO | Generando figura 45: graph_profile_top_zero_variables
2026-08-02 13:21:23,374 | INFO | Generando figura 46: graph_profile_variability
2026-08-02 13:21:23,777 | INFO | Generando figura 47: graph_profile_iqr
2026-08-02 13:21:24,155 | INFO | Generando figura 48: graph_profile_target_boxplots
2026-08-02 13:21:24,468 | INFO | Generando figura 49: graph_profile_target_sparsity
2026-08-02 13:21:24,741 | INFO | Generando figura 50: graph_profile_dimension_quality_matrix
2026-08-02 13:21:25,362 | INFO | Generando figura 51: graph_multicol_correlation_distribution
2026-08-02 13:21:25,681 | INFO | Generando figura 52: graph_multicol_top_pairs
2026-08-02 13:21:26,139 | INFO | Generando figura 53: graph_multicol_redundancy_network
2026-08-02 13:21:26,493 | INFO | Generando figura 54: graph_multicol_variable_frequency
2026-08-02 13:21:26,841 | INFO | Generando figura 55: graph_multicol_decisions_by_target
2026-08-02 13:21:27,405 | INFO | Generando figura 56: graph_multicol_kept_dimensions
2026-08-02 13:21:28,192 | INFO | Generando figura 57: graph_multicol_keep_drop_scatter
2026-08-02 13:21:28,730 | INFO | Generando figura 58: graph_multicol_relevance_gain
2026-08-02 13:21:29,175 | INFO | Generando figura 59: graph_multicol_vif_ranking
2026-08-02 13:21:29,619 | INFO | Generando figura 60: graph_multicol_vif_categories
2026-08-02 13:21:29,901 | INFO | Generando figura 61: graph_multicol_elimination_overlap
2026-08-02 13:21:30,164 | INFO | Using categorical units to plot a list of strings that are all parsable as floats or dates. If these strings should be plotted as numbers, cast to the appropriate data type before plotting.
2026-08-02 13:21:30,165 | INFO | Using categorical units to plot a list of strings that are all parsable as floats or dates. If these strings should be plotted as numbers, cast to the appropriate data type before plotting.
2026-08-02 13:21:30,342 | INFO | Generando figura 62: graph_multicol_summary
2026-08-02 13:21:30,950 | INFO | Generando figura 63: graph_selection_reduction_summary
2026-08-02 13:21:31,240 | INFO | Generando figura 64: graph_selection_counts_by_target
2026-08-02 13:21:31,673 | INFO | Generando figura 65: graph_selection_score_distribution
2026-08-02 13:21:32,016 | INFO | Generando figura 66: graph_selection_top_features_per_target
2026-08-02 13:21:33,110 | INFO | Generando figura 67: graph_selection_method_heatmap
2026-08-02 13:21:34,046 | INFO | Generando figura 68: graph_selection_method_agreement
2026-08-02 13:21:34,811 | INFO | Generando figura 69: graph_selection_dimensions_by_target
2026-08-02 13:21:35,508 | INFO | Generando figura 70: graph_selection_overlap_targets
2026-08-02 13:21:35,697 | INFO | Using categorical units to plot a list of strings that are all parsable as floats or dates. If these strings should be plotted as numbers, cast to the appropriate data type before plotting.
2026-08-02 13:21:35,698 | INFO | Using categorical units to plot a list of strings that are all parsable as floats or dates. If these strings should be plotted as numbers, cast to the appropriate data type before plotting.
2026-08-02 13:21:35,868 | INFO | Generando figura 71: graph_selection_rank_curves
2026-08-02 13:21:36,350 | INFO | Generando figura 72: graph_selection_lasso_sparsity
2026-08-02 13:21:36,983 | INFO | Generando figura 73: graph_selection_method_winners
2026-08-02 13:21:37,593 | INFO | Generando figura 74: graph_selection_dataset_comparison
2026-08-02 13:21:38,007 | INFO | Generando figura 75: graph_pca_reduction_summary
2026-08-02 13:21:40,163 | INFO | Generando figura 76: graph_pca_scree
2026-08-02 13:21:40,517 | INFO | Generando figura 77: graph_pca_cumulative_variance
2026-08-02 13:21:40,861 | INFO | Generando figura 78: graph_pca_marginal_contribution
2026-08-02 13:21:41,188 | INFO | Generando figura 79: graph_pca_variance_milestones
2026-08-02 13:21:41,469 | INFO | Generando figura 80: graph_pca_loadings_heatmap
2026-08-02 13:21:42,255 | INFO | Generando figura 81: graph_pca_pc1_loadings
2026-08-02 13:21:42,890 | INFO | Generando figura 82: graph_pca_variable_contribution
2026-08-02 13:21:43,527 | INFO | Generando figura 83: graph_pca_component_time_series
2026-08-02 13:21:45,528 | INFO | Generando figura 84: graph_pca_score_plane
2026-08-02 13:21:47,543 | INFO | Generando figura 85: graph_pca_target_correlations
2026-08-02 13:21:49,812 | INFO | Generando figura 86: graph_pca_component_correlation
2026-08-02 13:22:15,970 | INFO | Finalizado. Resultados en C:\Python\tesis\imagenes
