2026-08-02 10:07:11,002 | INFO | Generando figura 01: graph_source_coverage
2026-08-02 10:07:12,947 | INFO | Generando figura 02: graph_inpc_series
2026-08-02 10:07:13,343 | INFO | Generando figura 03: graph_inflation_factor
2026-08-02 10:07:13,753 | INFO | Generando figura 04: graph_temperature
2026-08-02 10:07:14,120 | INFO | Generando figura 05: graph_climate_distribution
2026-08-02 10:07:14,467 | INFO | Generando figura 06: graph_events_month
2026-08-02 10:07:14,936 | INFO | Generando figura 07: graph_daily_sales
2026-08-02 10:07:15,595 | INFO | Generando figura 08: graph_monthly_nominal_real_sales
2026-08-02 10:07:16,169 | INFO | Generando figura 09: graph_sales_distribution
2026-08-02 10:07:16,716 | INFO | Generando figura 10: graph_sales_weekday_boxplot
2026-08-02 10:07:17,239 | INFO | Generando figura 11: graph_sales_month_heatmap
2026-08-02 10:07:17,945 | INFO | Generando figura 12: graph_product_mix
2026-08-02 10:07:18,333 | INFO | Generando figura 13: graph_sales_profit
2026-08-02 10:07:18,894 | INFO | Generando figura 14: graph_daily_purchases
2026-08-02 10:07:19,775 | INFO | Generando figura 15: graph_purchase_classification
2026-08-02 10:07:20,310 | INFO | Generando figura 16: graph_supplier_pareto
2026-08-02 10:07:20,884 | INFO | Generando figura 17: graph_purchase_units
2026-08-02 10:07:21,371 | INFO | Generando figura 18: graph_sales_purchases_monthly
2026-08-02 10:07:22,453 | INFO | Generando figura 19: graph_operating_balance
2026-08-02 10:07:23,538 | INFO | Generando figura 20: graph_zero_activity
2026-08-02 10:07:24,469 | INFO | Generando figura 21: graph_missingness
2026-08-02 10:07:25,468 | INFO | Generando figura 22: graph_key_correlation
2026-08-02 10:07:26,936 | INFO | Generando figura 23: graph_feature_family_counts
2026-08-02 10:07:27,260 | INFO | Generando figura 24: graph_dataset_expansion
2026-08-02 10:07:31,249 | INFO | Generando figura 25: graph_history_trimming
2026-08-02 10:07:35,226 | INFO | Generando figura 26: graph_cyclical_month_encoding
2026-08-02 10:07:38,586 | INFO | Generando figura 27: graph_cyclical_week_encoding
2026-08-02 10:07:41,880 | INFO | Generando figura 28: graph_lag_alignment
2026-08-02 10:07:45,276 | INFO | Generando figura 29: graph_lag_target_correlations
2026-08-02 10:07:48,323 | INFO | Using categorical units to plot a list of strings that are all parsable as floats or dates. If these strings should be plotted as numbers, cast to the appropriate data type before plotting.
2026-08-02 10:07:48,323 | INFO | Using categorical units to plot a list of strings that are all parsable as floats or dates. If these strings should be plotted as numbers, cast to the appropriate data type before plotting.
2026-08-02 10:07:48,501 | INFO | Generando figura 30: graph_rolling_windows
2026-08-02 10:07:52,091 | INFO | Generando figura 31: graph_rolling_statistics
2026-08-02 10:07:55,776 | INFO | Generando figura 32: graph_event_proximity
2026-08-02 10:07:59,387 | INFO | Generando figura 33: graph_event_windows
2026-08-02 10:08:02,998 | INFO | Generando figura 34: graph_recency_activity
2026-08-02 10:08:06,605 | INFO | Generando figura 35: graph_financial_derived_indicators
2026-08-02 10:08:10,168 | INFO | Generando figura 36: graph_target_predictor_scatter
2026-08-02 10:08:13,418 | INFO | Generando figura 37: graph_feature_target_heatmap
2026-08-02 10:08:17,148 | INFO | Generando figura 38: graph_feature_completeness
2026-08-02 10:08:26,041 | INFO | Finalizado. Resultados en C:\Python\tesis\input\graficas_clean_eda_feature_engineering
