2026-09-13 13:15:39,960 | INFO | Generando figura 01: graph_source_coverage
2026-09-13 13:15:41,962 | INFO | Generando figura 02: graph_inpc_series
2026-09-13 13:15:42,382 | INFO | Generando figura 03: graph_inflation_factor
2026-09-13 13:15:42,785 | INFO | Generando figura 04: graph_temperature
2026-09-13 13:15:43,266 | INFO | Generando figura 05: graph_climate_distribution
2026-09-13 13:15:43,666 | INFO | Generando figura 06: graph_events_month
2026-09-13 13:15:44,192 | INFO | Generando figura 07: graph_daily_sales
2026-09-13 13:15:44,975 | INFO | Generando figura 08: graph_monthly_nominal_real_sales
2026-09-13 13:15:45,664 | INFO | Generando figura 09: graph_sales_distribution
2026-09-13 13:15:46,360 | INFO | Generando figura 10: graph_sales_weekday_boxplot
2026-09-13 13:15:46,987 | INFO | Generando figura 11: graph_sales_month_heatmap
2026-09-13 13:15:47,782 | INFO | Generando figura 12: graph_product_mix
2026-09-13 13:15:48,385 | INFO | Generando figura 13: graph_sales_profit
2026-09-13 13:15:49,027 | INFO | Generando figura 14: graph_daily_purchases
2026-09-13 13:15:50,072 | INFO | Generando figura 15: graph_purchase_classification
2026-09-13 13:15:50,702 | INFO | Generando figura 16: graph_supplier_pareto
2026-09-13 13:15:51,422 | INFO | Generando figura 17: graph_purchase_units
2026-09-13 13:15:51,962 | INFO | Generando figura 18: graph_sales_purchases_monthly
2026-09-13 13:15:53,284 | INFO | Generando figura 19: graph_operating_balance
2026-09-13 13:15:54,572 | INFO | Generando figura 20: graph_zero_activity
2026-09-13 13:15:55,721 | INFO | Generando figura 21: graph_missingness
2026-09-13 13:15:56,933 | INFO | Generando figura 22: graph_key_correlation
2026-09-13 13:15:58,578 | INFO | Generando figura 23: graph_feature_family_counts
2026-09-13 13:15:58,952 | INFO | Generando figura 24: graph_dataset_expansion
2026-09-13 13:16:03,757 | INFO | Generando figura 25: graph_history_trimming
2026-09-13 13:16:08,492 | INFO | Generando figura 26: graph_cyclical_month_encoding
2026-09-13 13:16:12,391 | INFO | Generando figura 27: graph_cyclical_week_encoding
2026-09-13 13:16:16,383 | INFO | Generando figura 28: graph_lag_alignment
2026-09-13 13:16:20,631 | INFO | Generando figura 29: graph_lag_target_correlations
2026-09-13 13:16:24,228 | INFO | Using categorical units to plot a list of strings that are all parsable as floats or dates. If these strings should be plotted as numbers, cast to the appropriate data type before plotting.
2026-09-13 13:16:24,229 | INFO | Using categorical units to plot a list of strings that are all parsable as floats or dates. If these strings should be plotted as numbers, cast to the appropriate data type before plotting.
2026-09-13 13:16:24,411 | INFO | Generando figura 30: graph_rolling_windows
2026-09-13 13:16:28,367 | INFO | Generando figura 31: graph_rolling_statistics
2026-09-13 13:16:32,486 | INFO | Generando figura 32: graph_event_proximity
2026-09-13 13:16:36,493 | INFO | Generando figura 33: graph_event_windows
2026-09-13 13:16:40,551 | INFO | Generando figura 34: graph_recency_activity
2026-09-13 13:16:44,611 | INFO | Generando figura 35: graph_financial_derived_indicators
2026-09-13 13:16:48,833 | INFO | Generando figura 36: graph_target_predictor_scatter
2026-09-13 13:16:52,701 | INFO | Generando figura 37: graph_feature_target_heatmap
2026-09-13 13:16:57,130 | INFO | Generando figura 38: graph_feature_completeness
2026-09-13 13:17:01,216 | INFO | Generando figura 39: graph_profile_general_structure
2026-09-13 13:17:01,637 | INFO | Generando figura 40: graph_profile_dimension_counts
2026-09-13 13:17:01,984 | INFO | Generando figura 41: graph_profile_zero_by_dimension
2026-09-13 13:17:02,360 | INFO | Generando figura 42: graph_profile_missing_by_dimension
2026-09-13 13:17:02,680 | INFO | Generando figura 43: graph_profile_constants
2026-09-13 13:17:03,024 | INFO | Generando figura 44: graph_profile_cardinality_zero_scatter
2026-09-13 13:17:03,790 | INFO | Generando figura 45: graph_profile_top_zero_variables
2026-09-13 13:17:04,245 | INFO | Generando figura 46: graph_profile_variability
2026-09-13 13:17:04,640 | INFO | Generando figura 47: graph_profile_iqr
2026-09-13 13:17:05,104 | INFO | Generando figura 48: graph_profile_target_boxplots
2026-09-13 13:17:05,424 | INFO | Generando figura 49: graph_profile_target_sparsity
2026-09-13 13:17:05,723 | INFO | Generando figura 50: graph_profile_dimension_quality_matrix
2026-09-13 13:17:06,407 | INFO | Generando figura 51: graph_multicol_correlation_distribution
2026-09-13 13:17:06,790 | INFO | Generando figura 52: graph_multicol_top_pairs
2026-09-13 13:17:07,300 | INFO | Generando figura 53: graph_multicol_redundancy_network
2026-09-13 13:17:07,666 | INFO | Generando figura 54: graph_multicol_variable_frequency
2026-09-13 13:17:08,070 | INFO | Generando figura 55: graph_multicol_decisions_by_target
2026-09-13 13:17:08,725 | INFO | Generando figura 56: graph_multicol_kept_dimensions
2026-09-13 13:17:09,534 | INFO | Generando figura 57: graph_multicol_keep_drop_scatter
2026-09-13 13:17:10,151 | INFO | Generando figura 58: graph_multicol_relevance_gain
2026-09-13 13:17:10,602 | INFO | Generando figura 59: graph_multicol_vif_ranking
2026-09-13 13:17:11,070 | INFO | Generando figura 60: graph_multicol_vif_categories
2026-09-13 13:17:11,386 | INFO | Generando figura 61: graph_multicol_elimination_overlap
2026-09-13 13:17:11,654 | INFO | Using categorical units to plot a list of strings that are all parsable as floats or dates. If these strings should be plotted as numbers, cast to the appropriate data type before plotting.
2026-09-13 13:17:11,654 | INFO | Using categorical units to plot a list of strings that are all parsable as floats or dates. If these strings should be plotted as numbers, cast to the appropriate data type before plotting.
2026-09-13 13:17:11,820 | INFO | Generando figura 62: graph_multicol_summary
2026-09-13 13:17:12,500 | INFO | Generando figura 63: graph_selection_reduction_summary
2026-09-13 13:17:12,810 | INFO | Generando figura 64: graph_selection_counts_by_target
2026-09-13 13:17:13,200 | INFO | Generando figura 65: graph_selection_score_distribution
2026-09-13 13:17:13,597 | INFO | Generando figura 66: graph_selection_top_features_per_target
2026-09-13 13:17:14,748 | INFO | Generando figura 67: graph_selection_method_heatmap
2026-09-13 13:17:15,780 | INFO | Generando figura 68: graph_selection_method_agreement
2026-09-13 13:17:16,627 | INFO | Generando figura 69: graph_selection_dimensions_by_target
2026-09-13 13:17:17,380 | INFO | Generando figura 70: graph_selection_overlap_targets
2026-09-13 13:17:17,573 | INFO | Using categorical units to plot a list of strings that are all parsable as floats or dates. If these strings should be plotted as numbers, cast to the appropriate data type before plotting.
2026-09-13 13:17:17,573 | INFO | Using categorical units to plot a list of strings that are all parsable as floats or dates. If these strings should be plotted as numbers, cast to the appropriate data type before plotting.
2026-09-13 13:17:17,777 | INFO | Generando figura 71: graph_selection_rank_curves
2026-09-13 13:17:18,267 | INFO | Generando figura 72: graph_selection_lasso_sparsity
2026-09-13 13:17:18,942 | INFO | Generando figura 73: graph_selection_method_winners
2026-09-13 13:17:19,688 | INFO | Generando figura 74: graph_selection_dataset_comparison
2026-09-13 13:17:20,161 | INFO | Generando figura 75: graph_pca_reduction_summary
2026-09-13 13:17:22,823 | INFO | Generando figura 76: graph_pca_scree
2026-09-13 13:17:23,250 | INFO | Generando figura 77: graph_pca_cumulative_variance
2026-09-13 13:17:23,651 | INFO | Generando figura 78: graph_pca_marginal_contribution
2026-09-13 13:17:24,131 | INFO | Generando figura 79: graph_pca_variance_milestones
2026-09-13 13:17:24,430 | INFO | Generando figura 80: graph_pca_loadings_heatmap
2026-09-13 13:17:25,390 | INFO | Generando figura 81: graph_pca_pc1_loadings
2026-09-13 13:17:26,110 | INFO | Generando figura 82: graph_pca_variable_contribution
2026-09-13 13:17:26,804 | INFO | Generando figura 83: graph_pca_component_time_series
2026-09-13 13:17:29,414 | INFO | Generando figura 84: graph_pca_score_plane
2026-09-13 13:17:31,930 | INFO | Generando figura 85: graph_pca_target_correlations
2026-09-13 13:17:34,801 | INFO | Generando figura 86: graph_pca_component_correlation
2026-09-13 13:17:57,940 | INFO | Finalizado. Resultados en C:\Python\tesis\codigos\pipeline_completo_20260913\imagenes
