2026-08-02 08:35:26,090 | INFO | Generando figura 01: graph_source_coverage
2026-08-02 08:35:28,421 | INFO | Generando figura 02: graph_inpc_series
2026-08-02 08:35:28,827 | INFO | Generando figura 03: graph_inflation_factor
2026-08-02 08:35:29,263 | INFO | Generando figura 04: graph_temperature
2026-08-02 08:35:29,670 | INFO | Generando figura 05: graph_climate_distribution
2026-08-02 08:35:30,050 | INFO | Generando figura 06: graph_events_month
2026-08-02 08:35:30,526 | INFO | Generando figura 07: graph_daily_sales
2026-08-02 08:35:31,206 | INFO | Generando figura 08: graph_monthly_nominal_real_sales
2026-08-02 08:35:31,796 | INFO | Generando figura 09: graph_sales_distribution
2026-08-02 08:35:32,341 | INFO | Generando figura 10: graph_sales_weekday_boxplot
2026-08-02 08:35:32,863 | INFO | Generando figura 11: graph_sales_month_heatmap
2026-08-02 08:35:33,572 | INFO | Generando figura 12: graph_product_mix
2026-08-02 08:35:33,961 | INFO | Generando figura 13: graph_sales_profit
2026-08-02 08:35:34,529 | INFO | Generando figura 14: graph_daily_purchases
2026-08-02 08:35:35,431 | INFO | Generando figura 15: graph_purchase_classification
2026-08-02 08:35:35,976 | INFO | Generando figura 16: graph_supplier_pareto
2026-08-02 08:35:36,582 | INFO | Generando figura 17: graph_purchase_units
2026-08-02 08:35:37,110 | INFO | Generando figura 18: graph_sales_purchases_monthly
2026-08-02 08:35:38,395 | INFO | Generando figura 19: graph_operating_balance
2026-08-02 08:35:39,618 | INFO | Generando figura 20: graph_zero_activity
2026-08-02 08:35:40,648 | INFO | Generando figura 21: graph_missingness
2026-08-02 08:35:41,738 | INFO | Generando figura 22: graph_key_correlation
2026-08-02 08:35:45,558 | INFO | Finalizado. Resultados en C:\Python\tesis\input\graficas_clean_eda
