2026-08-02 11:10:46,284 | INFO | Generando figura 01: graph_source_coverage
2026-08-02 11:10:48,261 | INFO | Generando figura 02: graph_inpc_series
2026-08-02 11:10:48,656 | INFO | Generando figura 03: graph_inflation_factor
2026-08-02 11:10:49,067 | INFO | Generando figura 04: graph_temperature
2026-08-02 11:10:49,439 | INFO | Generando figura 05: graph_climate_distribution
2026-08-02 11:10:49,799 | INFO | Generando figura 06: graph_events_month
2026-08-02 11:10:50,268 | INFO | Generando figura 07: graph_daily_sales
2026-08-02 11:10:51,001 | INFO | Generando figura 08: graph_monthly_nominal_real_sales
2026-08-02 11:10:51,738 | INFO | Generando figura 09: graph_sales_distribution
2026-08-02 11:10:52,406 | INFO | Generando figura 10: graph_sales_weekday_boxplot
2026-08-02 11:10:53,166 | INFO | Generando figura 11: graph_sales_month_heatmap
2026-08-02 11:10:53,934 | INFO | Generando figura 12: graph_product_mix
2026-08-02 11:10:54,379 | INFO | Generando figura 13: graph_sales_profit
2026-08-02 11:10:55,026 | INFO | Generando figura 14: graph_daily_purchases
2026-08-02 11:10:56,010 | INFO | Generando figura 15: graph_purchase_classification
2026-08-02 11:10:56,550 | INFO | Generando figura 16: graph_supplier_pareto
2026-08-02 11:10:57,234 | INFO | Generando figura 17: graph_purchase_units
2026-08-02 11:10:57,770 | INFO | Generando figura 18: graph_sales_purchases_monthly
2026-08-02 11:10:59,062 | INFO | Generando figura 19: graph_operating_balance
2026-08-02 11:11:00,328 | INFO | Generando figura 20: graph_zero_activity
2026-08-02 11:11:01,432 | INFO | Generando figura 21: graph_missingness
2026-08-02 11:11:02,479 | INFO | Generando figura 22: graph_key_correlation
2026-08-02 11:11:03,924 | INFO | Generando figura 23: graph_feature_family_counts
2026-08-02 11:11:04,277 | INFO | Generando figura 24: graph_dataset_expansion
2026-08-02 11:11:08,293 | INFO | Generando figura 25: graph_history_trimming
2026-08-02 11:11:12,434 | INFO | Generando figura 26: graph_cyclical_month_encoding
2026-08-02 11:11:15,908 | INFO | Generando figura 27: graph_cyclical_week_encoding
2026-08-02 11:11:19,267 | INFO | Generando figura 28: graph_lag_alignment
2026-08-02 11:11:22,648 | INFO | Generando figura 29: graph_lag_target_correlations
2026-08-02 11:11:25,746 | INFO | Using categorical units to plot a list of strings that are all parsable as floats or dates. If these strings should be plotted as numbers, cast to the appropriate data type before plotting.
2026-08-02 11:11:25,747 | INFO | Using categorical units to plot a list of strings that are all parsable as floats or dates. If these strings should be plotted as numbers, cast to the appropriate data type before plotting.
2026-08-02 11:11:25,929 | INFO | Generando figura 30: graph_rolling_windows
2026-08-02 11:11:29,321 | INFO | Generando figura 31: graph_rolling_statistics
2026-08-02 11:11:32,934 | INFO | Generando figura 32: graph_event_proximity
2026-08-02 11:11:36,395 | INFO | Generando figura 33: graph_event_windows
2026-08-02 11:11:39,807 | INFO | Generando figura 34: graph_recency_activity
2026-08-02 11:11:43,257 | INFO | Generando figura 35: graph_financial_derived_indicators
2026-08-02 11:11:46,768 | INFO | Generando figura 36: graph_target_predictor_scatter
2026-08-02 11:11:50,102 | INFO | Generando figura 37: graph_feature_target_heatmap
2026-08-02 11:11:53,935 | INFO | Generando figura 38: graph_feature_completeness
2026-08-02 11:11:57,369 | INFO | Generando figura 39: graph_profile_general_structure
2026-08-02 11:11:57,749 | INFO | Generando figura 40: graph_profile_dimension_counts
2026-08-02 11:11:58,084 | INFO | Generando figura 41: graph_profile_zero_by_dimension
2026-08-02 11:11:58,425 | INFO | Generando figura 42: graph_profile_missing_by_dimension
2026-08-02 11:11:58,734 | INFO | Generando figura 43: graph_profile_constants
2026-08-02 11:11:59,187 | INFO | Generando figura 44: graph_profile_cardinality_zero_scatter
2026-08-02 11:11:59,936 | INFO | Generando figura 45: graph_profile_top_zero_variables
2026-08-02 11:12:00,399 | INFO | Generando figura 46: graph_profile_variability
2026-08-02 11:12:00,783 | INFO | Generando figura 47: graph_profile_iqr
2026-08-02 11:12:01,185 | INFO | Generando figura 48: graph_profile_target_boxplots
2026-08-02 11:12:01,501 | INFO | Generando figura 49: graph_profile_target_sparsity
2026-08-02 11:12:01,782 | INFO | Generando figura 50: graph_profile_dimension_quality_matrix
2026-08-02 11:12:02,383 | INFO | Generando figura 51: graph_multicol_correlation_distribution
2026-08-02 11:12:02,708 | INFO | Generando figura 52: graph_multicol_top_pairs
2026-08-02 11:12:03,166 | INFO | Generando figura 53: graph_multicol_redundancy_network
2026-08-02 11:12:03,511 | INFO | Generando figura 54: graph_multicol_variable_frequency
2026-08-02 11:12:03,880 | INFO | Generando figura 55: graph_multicol_decisions_by_target
2026-08-02 11:12:04,428 | INFO | Generando figura 56: graph_multicol_kept_dimensions
2026-08-02 11:12:05,194 | INFO | Generando figura 57: graph_multicol_keep_drop_scatter
2026-08-02 11:12:05,722 | INFO | Generando figura 58: graph_multicol_relevance_gain
2026-08-02 11:12:06,144 | INFO | Generando figura 59: graph_multicol_vif_ranking
2026-08-02 11:12:06,571 | INFO | Generando figura 60: graph_multicol_vif_categories
2026-08-02 11:12:06,829 | INFO | Generando figura 61: graph_multicol_elimination_overlap
2026-08-02 11:12:07,063 | INFO | Using categorical units to plot a list of strings that are all parsable as floats or dates. If these strings should be plotted as numbers, cast to the appropriate data type before plotting.
2026-08-02 11:12:07,063 | INFO | Using categorical units to plot a list of strings that are all parsable as floats or dates. If these strings should be plotted as numbers, cast to the appropriate data type before plotting.
2026-08-02 11:12:07,239 | INFO | Generando figura 62: graph_multicol_summary
2026-08-02 11:12:07,874 | INFO | Generando figura 63: graph_selection_reduction_summary
2026-08-02 11:12:08,203 | INFO | Generando figura 64: graph_selection_counts_by_target
2026-08-02 11:12:08,569 | INFO | Generando figura 65: graph_selection_score_distribution
2026-08-02 11:12:08,900 | INFO | Generando figura 66: graph_selection_top_features_per_target
2026-08-02 11:12:09,931 | INFO | Generando figura 67: graph_selection_method_heatmap
2026-08-02 11:12:10,873 | INFO | Generando figura 68: graph_selection_method_agreement
2026-08-02 11:12:11,609 | INFO | Generando figura 69: graph_selection_dimensions_by_target
2026-08-02 11:12:12,297 | INFO | Generando figura 70: graph_selection_overlap_targets
2026-08-02 11:12:12,475 | INFO | Using categorical units to plot a list of strings that are all parsable as floats or dates. If these strings should be plotted as numbers, cast to the appropriate data type before plotting.
2026-08-02 11:12:12,476 | INFO | Using categorical units to plot a list of strings that are all parsable as floats or dates. If these strings should be plotted as numbers, cast to the appropriate data type before plotting.
2026-08-02 11:12:12,648 | INFO | Generando figura 71: graph_selection_rank_curves
2026-08-02 11:12:13,134 | INFO | Generando figura 72: graph_selection_lasso_sparsity
2026-08-02 11:12:13,715 | INFO | Generando figura 73: graph_selection_method_winners
2026-08-02 11:12:14,312 | INFO | Generando figura 74: graph_selection_dataset_comparison
2026-08-02 11:12:14,729 | INFO | Generando figura 75: graph_pca_reduction_summary
2026-08-02 11:12:16,794 | INFO | Generando figura 76: graph_pca_scree
2026-08-02 11:12:17,128 | INFO | Generando figura 77: graph_pca_cumulative_variance
2026-08-02 11:12:17,493 | INFO | Generando figura 78: graph_pca_marginal_contribution
2026-08-02 11:12:17,819 | INFO | Generando figura 79: graph_pca_variance_milestones
2026-08-02 11:12:18,098 | INFO | Generando figura 80: graph_pca_loadings_heatmap
2026-08-02 11:12:18,902 | INFO | Generando figura 81: graph_pca_pc1_loadings
2026-08-02 11:12:19,523 | INFO | Generando figura 82: graph_pca_variable_contribution
2026-08-02 11:12:20,132 | INFO | Generando figura 83: graph_pca_component_time_series
2026-08-02 11:12:22,140 | INFO | Generando figura 84: graph_pca_score_plane
2026-08-02 11:12:24,110 | INFO | Generando figura 85: graph_pca_target_correlations
2026-08-02 11:12:26,423 | INFO | Generando figura 86: graph_pca_component_correlation
2026-08-02 11:12:51,895 | INFO | Finalizado. Resultados en C:\Python\tesis\input\graficas_metodologia_pca
