2026-08-08 11:25:03,636 | INFO | Generando figura 01: graph_source_coverage
2026-08-08 11:25:06,096 | INFO | Generando figura 02: graph_inpc_series
2026-08-08 11:25:06,536 | INFO | Generando figura 03: graph_inflation_factor
2026-08-08 11:25:06,974 | INFO | Generando figura 04: graph_temperature
2026-08-08 11:25:07,394 | INFO | Generando figura 05: graph_climate_distribution
2026-08-08 11:25:07,803 | INFO | Generando figura 06: graph_events_month
2026-08-08 11:25:08,345 | INFO | Generando figura 07: graph_daily_sales
2026-08-08 11:25:09,138 | INFO | Generando figura 08: graph_monthly_nominal_real_sales
2026-08-08 11:25:09,823 | INFO | Generando figura 09: graph_sales_distribution
2026-08-08 11:25:10,457 | INFO | Generando figura 10: graph_sales_weekday_boxplot
2026-08-08 11:25:11,096 | INFO | Generando figura 11: graph_sales_month_heatmap
2026-08-08 11:25:12,331 | INFO | Generando figura 12: graph_product_mix
2026-08-08 11:25:13,010 | INFO | Generando figura 13: graph_sales_profit
2026-08-08 11:25:13,639 | INFO | Generando figura 14: graph_daily_purchases
2026-08-08 11:25:14,739 | INFO | Generando figura 15: graph_purchase_classification
2026-08-08 11:25:15,385 | INFO | Generando figura 16: graph_supplier_pareto
2026-08-08 11:25:16,190 | INFO | Generando figura 17: graph_purchase_units
2026-08-08 11:25:16,714 | INFO | Generando figura 18: graph_sales_purchases_monthly
2026-08-08 11:25:17,957 | INFO | Generando figura 19: graph_operating_balance
2026-08-08 11:25:19,193 | INFO | Generando figura 20: graph_zero_activity
2026-08-08 11:25:20,375 | INFO | Generando figura 21: graph_missingness
2026-08-08 11:25:21,494 | INFO | Generando figura 22: graph_key_correlation
2026-08-08 11:25:23,062 | INFO | Generando figura 23: graph_feature_family_counts
2026-08-08 11:25:23,484 | INFO | Generando figura 24: graph_dataset_expansion
2026-08-08 11:25:27,913 | INFO | Generando figura 25: graph_history_trimming
2026-08-08 11:25:32,599 | INFO | Generando figura 26: graph_cyclical_month_encoding
2026-08-08 11:25:36,507 | INFO | Generando figura 27: graph_cyclical_week_encoding
2026-08-08 11:25:40,509 | INFO | Generando figura 28: graph_lag_alignment
2026-08-08 11:25:45,127 | INFO | Generando figura 29: graph_lag_target_correlations
2026-08-08 11:25:49,563 | INFO | Using categorical units to plot a list of strings that are all parsable as floats or dates. If these strings should be plotted as numbers, cast to the appropriate data type before plotting.
2026-08-08 11:25:49,564 | INFO | Using categorical units to plot a list of strings that are all parsable as floats or dates. If these strings should be plotted as numbers, cast to the appropriate data type before plotting.
2026-08-08 11:25:49,790 | INFO | Generando figura 30: graph_rolling_windows
2026-08-08 11:25:55,007 | INFO | Generando figura 31: graph_rolling_statistics
2026-08-08 11:25:59,790 | INFO | Generando figura 32: graph_event_proximity
2026-08-08 11:26:04,468 | INFO | Generando figura 33: graph_event_windows
2026-08-08 11:26:09,226 | INFO | Generando figura 34: graph_recency_activity
2026-08-08 11:26:13,767 | INFO | Generando figura 35: graph_financial_derived_indicators
2026-08-08 11:26:18,748 | INFO | Generando figura 36: graph_target_predictor_scatter
2026-08-08 11:26:23,317 | INFO | Generando figura 37: graph_feature_target_heatmap
2026-08-08 11:26:28,543 | INFO | Generando figura 38: graph_feature_completeness
2026-08-08 11:26:33,109 | INFO | Generando figura 39: graph_profile_general_structure
2026-08-08 11:26:33,703 | INFO | Generando figura 40: graph_profile_dimension_counts
2026-08-08 11:26:34,151 | INFO | Generando figura 41: graph_profile_zero_by_dimension
2026-08-08 11:26:34,583 | INFO | Generando figura 42: graph_profile_missing_by_dimension
2026-08-08 11:26:35,001 | INFO | Generando figura 43: graph_profile_constants
2026-08-08 11:26:35,425 | INFO | Generando figura 44: graph_profile_cardinality_zero_scatter
2026-08-08 11:26:36,359 | INFO | Generando figura 45: graph_profile_top_zero_variables
2026-08-08 11:26:36,818 | INFO | Generando figura 46: graph_profile_variability
2026-08-08 11:26:37,309 | INFO | Generando figura 47: graph_profile_iqr
2026-08-08 11:26:37,838 | INFO | Generando figura 48: graph_profile_target_boxplots
2026-08-08 11:26:38,223 | INFO | Generando figura 49: graph_profile_target_sparsity
2026-08-08 11:26:38,569 | INFO | Generando figura 50: graph_profile_dimension_quality_matrix
2026-08-08 11:26:39,293 | INFO | Generando figura 51: graph_multicol_correlation_distribution
2026-08-08 11:26:39,746 | INFO | Generando figura 52: graph_multicol_top_pairs
2026-08-08 11:26:40,328 | INFO | Generando figura 53: graph_multicol_redundancy_network
2026-08-08 11:26:40,729 | INFO | Generando figura 54: graph_multicol_variable_frequency
2026-08-08 11:26:41,177 | INFO | Generando figura 55: graph_multicol_decisions_by_target
2026-08-08 11:26:41,911 | INFO | Generando figura 56: graph_multicol_kept_dimensions
2026-08-08 11:26:42,776 | INFO | Generando figura 57: graph_multicol_keep_drop_scatter
2026-08-08 11:26:43,421 | INFO | Generando figura 58: graph_multicol_relevance_gain
2026-08-08 11:26:43,894 | INFO | Generando figura 59: graph_multicol_vif_ranking
2026-08-08 11:26:44,388 | INFO | Generando figura 60: graph_multicol_vif_categories
2026-08-08 11:26:44,722 | INFO | Generando figura 61: graph_multicol_elimination_overlap
2026-08-08 11:26:45,013 | INFO | Using categorical units to plot a list of strings that are all parsable as floats or dates. If these strings should be plotted as numbers, cast to the appropriate data type before plotting.
2026-08-08 11:26:45,014 | INFO | Using categorical units to plot a list of strings that are all parsable as floats or dates. If these strings should be plotted as numbers, cast to the appropriate data type before plotting.
2026-08-08 11:26:45,223 | INFO | Generando figura 62: graph_multicol_summary
2026-08-08 11:26:45,887 | INFO | Generando figura 63: graph_selection_reduction_summary
2026-08-08 11:26:46,234 | INFO | Generando figura 64: graph_selection_counts_by_target
2026-08-08 11:26:46,734 | INFO | Generando figura 65: graph_selection_score_distribution
2026-08-08 11:26:47,220 | INFO | Generando figura 66: graph_selection_top_features_per_target
2026-08-08 11:26:48,605 | INFO | Generando figura 67: graph_selection_method_heatmap
2026-08-08 11:26:49,878 | INFO | Generando figura 68: graph_selection_method_agreement
2026-08-08 11:26:50,881 | INFO | Generando figura 69: graph_selection_dimensions_by_target
2026-08-08 11:26:51,814 | INFO | Generando figura 70: graph_selection_overlap_targets
2026-08-08 11:26:52,064 | INFO | Using categorical units to plot a list of strings that are all parsable as floats or dates. If these strings should be plotted as numbers, cast to the appropriate data type before plotting.
2026-08-08 11:26:52,065 | INFO | Using categorical units to plot a list of strings that are all parsable as floats or dates. If these strings should be plotted as numbers, cast to the appropriate data type before plotting.
2026-08-08 11:26:52,301 | INFO | Generando figura 71: graph_selection_rank_curves
2026-08-08 11:26:52,932 | INFO | Generando figura 72: graph_selection_lasso_sparsity
2026-08-08 11:26:53,887 | INFO | Generando figura 73: graph_selection_method_winners
2026-08-08 11:26:54,752 | INFO | Generando figura 74: graph_selection_dataset_comparison
2026-08-08 11:26:55,313 | INFO | Generando figura 75: graph_pca_reduction_summary
2026-08-08 11:26:58,127 | INFO | Generando figura 76: graph_pca_scree
2026-08-08 11:26:58,525 | INFO | Generando figura 77: graph_pca_cumulative_variance
2026-08-08 11:26:58,933 | INFO | Generando figura 78: graph_pca_marginal_contribution
2026-08-08 11:26:59,394 | INFO | Generando figura 79: graph_pca_variance_milestones
2026-08-08 11:26:59,737 | INFO | Generando figura 80: graph_pca_loadings_heatmap
2026-08-08 11:27:00,825 | INFO | Generando figura 81: graph_pca_pc1_loadings
2026-08-08 11:27:01,678 | INFO | Generando figura 82: graph_pca_variable_contribution
2026-08-08 11:27:02,415 | INFO | Generando figura 83: graph_pca_component_time_series
2026-08-08 11:27:05,028 | INFO | Generando figura 84: graph_pca_score_plane
2026-08-08 11:27:07,623 | INFO | Generando figura 85: graph_pca_target_correlations
2026-08-08 11:27:10,726 | INFO | Generando figura 86: graph_pca_component_correlation
2026-08-08 11:27:35,963 | INFO | Finalizado. Resultados en C:\Python\tesis\output\analisis_dimensional\graficas_metodologia
